ASxxxx Linker V03.00 + NoICE + sdld,  page 1.
Hexadecimal  [32-Bits]

Area                                    Addr        Size        Decimal Bytes (Attributes)
--------------------------------        ----        ----        ------- ----- ------------
CABS                                00000000    00000000 =           0. bytes (ABS,CON,CODE)

      Value  Global                              Global Defined In Module
      -----  --------------------------------   ------------------------
C:   00000000  l_BIT_BANK                      
C:   00000000  l_CABS                          
C:   00000000  l_GSINIT1                       
C:   00000000  l_GSINIT5                       
C:   00000000  l_IABS                          
C:   00000000  l_ISEG                          
C:   00000000  l_PSEG                          
C:   00000000  l_REG_BANK_1                    
C:   00000000  l_REG_BANK_2                    
C:   00000000  l_REG_BANK_3                    
C:   00000000  l_RSEG                          
C:   00000000  l_RSEG0                         
C:   00000000  l_RSEG1                         
C:   00000000  l_XABS                          
C:   00000000  l_XINIT                         
C:   00000000  l_XISEG                         
C:   00000000  l_XSEG                          
C:   00000000  l__CODE                         
C:   00000000  s_BSEG                          
C:   00000000  s_CABS                          
C:   00000000  s_DSEG                          
C:   00000000  s_HOME                          
C:   00000000  s_IABS                          
C:   00000000  s_ISEG                          
C:   00000000  s_REG_BANK_0                    
C:   00000000  s_RSEG                          
C:   00000000  s_RSEG0                         
C:   00000000  s_RSEG1                         
C:   00000000  s_XABS                          
C:   00000001  l_BSEG_BYTES                    
C:   00000001  s_PSEG                          
C:   00000001  s_XISEG                         
C:   00000001  s_XSEG                          
C:   00000003  l_GSFINAL                       
C:   00000003  l_GSINIT0                       
C:   00000005  l_BSEG                          
C:   00000006  l_HOME                          
C:   00000006  s_GSINIT0                       
C:   00000007  l_OSEG                          
C:   00000008  l_REG_BANK_0                    
C:   00000008  s_REG_BANK_1                    
C:   00000009  s_GSINIT1                       
C:   00000009  s_GSINIT2                       
C:   0000000A  l_GSINIT2                       
C:   0000000F  s_OSEG                          
C:   00000010  s_REG_BANK_2                    
C:   00000013  s_GSINIT3                       
C:   00000018  s_BIT_BANK                      
C:   00000018  s_REG_BANK_3                    
C:   00000020  s_BSEG_BYTES                    
ASxxxx Linker V03.00 + NoICE + sdld,  page 2.
Hexadecimal  [32-Bits]

Area                                    Addr        Size        Decimal Bytes (Attributes)
--------------------------------        ----        ----        ------- ----- ------------
CABS                                00000000    00000000 =           0. bytes (ABS,CON,CODE)

      Value  Global                              Global Defined In Module
      -----  --------------------------------   ------------------------
C:   00000020  s__CODE                         
C:   00000022  l_GSINIT3                       
C:   0000002A  l_GSINIT4                       
C:   00000035  s_GSINIT4                       
C:   0000005F  s_GSINIT                        
C:   0000005F  s_GSINIT5                       
C:   00000072  s_SSEG                          
C:   00000076  l_DSEG                          
C:   0000008E  l_SSEG                          
C:   000000BD  l_GSINIT                        
C:   00000100  l_IRAM                          
C:   0000011C  s_GSFINAL                       
C:   0000011F  s_CSEG                          
C:   000002B7  l_CONST                         
C:   00001662  l_CSEG                          
C:   00001781  s_CONST                         
C:   00001A38  s_XINIT                         

ASxxxx Linker V03.00 + NoICE + sdld,  page 3.
Hexadecimal  [32-Bits]

Area                                    Addr        Size        Decimal Bytes (Attributes)
--------------------------------        ----        ----        ------- ----- ------------
.  .ABS.                            00000000    00000000 =           0. bytes (ABS,CON)

      Value  Global                              Global Defined In Module
      -----  --------------------------------   ------------------------
     00000000  .__.ABS.                           _startup
     00000080  _P0                                write7219
     00000080  _P0_0                              write7219
     00000081  _P0_1                              write7219
     00000081  _SP                                write7219
     00000082  _DPL                               write7219
     00000082  _P0_2                              write7219
     00000083  _DPH                               write7219
     00000083  _P0_3                              write7219
     00000084  _P0_4                              write7219
     00000085  _P0_5                              write7219
     00000086  _P0_6                              write7219
     00000087  _P0_7                              write7219
     00000087  _PCON                              write7219
     00000088  _IT0                               write7219
     00000088  _TCON                              write7219
     00000089  _IE0                               write7219
     00000089  _TMOD                              write7219
     0000008A  _IT1                               write7219
     0000008A  _TL0                               write7219
     0000008B  _IE1                               write7219
     0000008B  _TL1                               write7219
     0000008C  _TH0                               write7219
     0000008C  _TR0                               write7219
     0000008D  _TF0                               write7219
     0000008D  _TH1                               write7219
     0000008E  _TR1                               write7219
     0000008F  _TF1                               write7219
     00000090  _P1                                write7219
     00000090  _P1_0                              write7219
     00000091  _P1_1                              write7219
     00000092  _P1_2                              write7219
     00000093  _P1_3                              write7219
     00000094  _P1_4                              write7219
     00000095  _P1_5                              write7219
     00000096  _P1_6                              write7219
     00000097  _P1_7                              write7219
     00000098  _RI                                write7219
     00000098  _SCON                              write7219
     00000099  _SBUF                              write7219
     00000099  _TI                                write7219
     0000009A  _RB8                               write7219
     0000009B  _TB8                               write7219
     0000009C  _REN                               write7219
     0000009D  _SM2                               write7219
     0000009E  _SM1                               write7219
     0000009F  _SM0                               write7219
     000000A0  _P2                                write7219
     000000A0  _P2_0                              write7219
     000000A0  __XPAGE                            
ASxxxx Linker V03.00 + NoICE + sdld,  page 4.
Hexadecimal  [32-Bits]

Area                                    Addr        Size        Decimal Bytes (Attributes)
--------------------------------        ----        ----        ------- ----- ------------
.  .ABS.                            00000000    00000000 =           0. bytes (ABS,CON)

      Value  Global                              Global Defined In Module
      -----  --------------------------------   ------------------------
     000000A1  _P2_1                              write7219
     000000A2  _P2_2                              write7219
     000000A3  _P2_3                              write7219
     000000A4  _P2_4                              write7219
     000000A5  _P2_5                              write7219
     000000A6  _P2_6                              write7219
     000000A7  _P2_7                              write7219
     000000A8  _EX0                               write7219
     000000A8  _IE                                write7219
     000000A9  _ET0                               write7219
     000000AA  _EX1                               write7219
     000000AB  _ET1                               write7219
     000000AC  _ES                                write7219
     000000AF  _EA                                write7219
     000000B0  _P3                                write7219
     000000B0  _P3_0                              write7219
     000000B0  _RXD                               write7219
     000000B1  _P3_1                              write7219
     000000B1  _TXD                               write7219
     000000B2  _INT0                              write7219
     000000B2  _P3_2                              write7219
     000000B3  _INT1                              write7219
     000000B3  _P3_3                              write7219
     000000B4  _P3_4                              write7219
     000000B4  _T0                                write7219
     000000B5  _P3_5                              write7219
     000000B5  _T1                                write7219
     000000B6  _P3_6                              write7219
     000000B6  _WR                                write7219
     000000B7  _P3_7                              write7219
     000000B7  _RD                                write7219
     000000B8  _IP                                write7219
     000000B8  _PX0                               write7219
     000000B9  _PT0                               write7219
     000000BA  _PX1                               write7219
     000000BB  _PT1                               write7219
     000000BC  _PS                                write7219
     000000D0  _P                                 write7219
     000000D0  _PSW                               write7219
     000000D1  _F1                                write7219
     000000D2  _OV                                write7219
     000000D3  _RS0                               write7219
     000000D4  _RS1                               write7219
     000000D5  _F0                                write7219
     000000D6  _AC                                write7219
     000000D7  _CY                                write7219
     000000E0  _ACC                               write7219
     000000F0  _B                                 write7219
     000000F5  _B_5                               _gptrget
     000000F6  _B_6                               _gptrget
     000000F7  _B_7                               _gptrget

ASxxxx Linker V03.00 + NoICE + sdld,  page 5.
Hexadecimal  [32-Bits]

Area                                    Addr        Size        Decimal Bytes (Attributes)
--------------------------------        ----        ----        ------- ----- ------------
BSEG_BYTES                          00000020    00000001 =           1. bytes (REL,CON)

      Value  Global                              Global Defined In Module
      -----  --------------------------------   ------------------------
ASxxxx Linker V03.00 + NoICE + sdld,  page 6.
Hexadecimal  [32-Bits]

Area                                    Addr        Size        Decimal Bytes (Attributes)
--------------------------------        ----        ----        ------- ----- ------------
REG_BANK_0                          00000000    00000008 =           8. bytes (REL,OVR)

      Value  Global                              Global Defined In Module
      -----  --------------------------------   ------------------------
ASxxxx Linker V03.00 + NoICE + sdld,  page 7.
Hexadecimal  [32-Bits]

Area                                    Addr        Size        Decimal Bytes (Attributes)
--------------------------------        ----        ----        ------- ----- ------------
DSEG                                00000000    00000076 =         118. bytes (REL,CON)

      Value  Global                              Global Defined In Module
      -----  --------------------------------   ------------------------
     00000008  _Single_WriteI2C_PARM_2            i2c
     00000009  _Single_WriteI2C_PARM_3            i2c
     0000000A  _Single_ReadI2C_PARM_2             i2c
     0000000B  _OLED_SetCursor_PARM_2             oled_i2c
     0000000C  _Write7219_PARM_2                  write7219
     0000000D  _Writesingle7219_PARM_2            write7219
     0000000E  _Writesingle7219_PARM_3            write7219
     00000021  _in_i                              main
     00000023  _mode                              main
     00000024  _winner                            main
     00000025  _player_bool                       main
     00000028  _mask                              main
     00000029  _now_key                           main
     0000002A  _boat_type                         main
     0000002E  _i                                 main
     0000002F  _j                                 main
     00000030  _l                                 main
     00000031  _tmp_i                             main
     00000032  _tmp_j                             main
     00000033  _tmp_l                             main
     00000034  _idx                               main
     00000035  _check_                            main
     00000036  _nxt_row                           main
     00000037  _nxt_col                           main
     00000038  _now_row                           main
     00000039  _now_col                           main
     0000003A  _conti_flag                        main
     0000003B  _get_bit                           main
     0000003C  _turn                              main
     0000003D  _player1                           main
     00000041  _player2                           main
     00000045  _player                            main
     0000004B  _player_score                      main
     0000004E  _mat1_1                            main
     00000057  _mat1_2                            main
     00000060  _mat2_1                            main
     00000069  _mat2_2                            main

ASxxxx Linker V03.00 + NoICE + sdld,  page 8.
Hexadecimal  [32-Bits]

Area                                    Addr        Size        Decimal Bytes (Attributes)
--------------------------------        ----        ----        ------- ----- ------------
OSEG                                0000000F    00000007 =           7. bytes (REL,OVR)

      Value  Global                              Global Defined In Module
      -----  --------------------------------   ------------------------
     0000000F  _Get_Dot_PARM_2                    main
     0000000F  __divsint_PARM_2                   _divuint
     0000000F  __divuint_PARM_2                   _divuint
     0000000F  __modsint_PARM_2                   _moduint
     0000000F  __moduint_PARM_2                   _moduint
     0000000F  __mulint_PARM_2                    _mulint
     0000000F  _del_PARM_2                        main
     0000000F  _draw_PARM_2                       main
     0000000F  _overlap_PARM_2                    main
     0000000F  _sendbyte_PARM_2                   write7219
     00000010  _Get_Dot_PARM_3                    main
     00000010  _del_PARM_3                        main
     00000010  _draw_PARM_3                       main
     00000010  _overlap_PARM_3                    main
     00000011  _del_PARM_4                        main
     00000011  _draw_PARM_4                       main
     00000011  _overlap_PARM_4                    main
     00000012  _del_PARM_5                        main
     00000012  _draw_PARM_5                       main
     00000012  _overlap_PARM_5                    main
     00000013  _overlap_PARM_6                    main
     00000014  _overlap_PARM_7                    main
     00000015  _overlap_PARM_8                    main

ASxxxx Linker V03.00 + NoICE + sdld,  page 9.
Hexadecimal  [32-Bits]

Area                                    Addr        Size        Decimal Bytes (Attributes)
--------------------------------        ----        ----        ------- ----- ------------
SSEG                                00000072    0000008E =         142. bytes (REL,OVR)

      Value  Global                              Global Defined In Module
      -----  --------------------------------   ------------------------
     00000072  __start__stack                     main

ASxxxx Linker V03.00 + NoICE + sdld,  page 10.
Hexadecimal  [32-Bits]

Area                                    Addr        Size        Decimal Bytes (Attributes)
--------------------------------        ----        ----        ------- ----- ------------
HOME                                00000000    00000006 =           6. bytes (REL,CON,CODE)

      Value  Global                              Global Defined In Module
      -----  --------------------------------   ------------------------
C:   00000003  __sdcc_program_startup             main

ASxxxx Linker V03.00 + NoICE + sdld,  page 11.
Hexadecimal  [32-Bits]

Area                                    Addr        Size        Decimal Bytes (Attributes)
--------------------------------        ----        ----        ------- ----- ------------
GSINIT0                             00000006    00000003 =           3. bytes (REL,CON,CODE)

      Value  Global                              Global Defined In Module
      -----  --------------------------------   ------------------------
C:   00000006  __sdcc_gsinit_startup              

ASxxxx Linker V03.00 + NoICE + sdld,  page 12.
Hexadecimal  [32-Bits]

Area                                    Addr        Size        Decimal Bytes (Attributes)
--------------------------------        ----        ----        ------- ----- ------------
GSINIT2                             00000009    0000000A =          10. bytes (REL,CON,CODE)

      Value  Global                              Global Defined In Module
      -----  --------------------------------   ------------------------
ASxxxx Linker V03.00 + NoICE + sdld,  page 13.
Hexadecimal  [32-Bits]

Area                                    Addr        Size        Decimal Bytes (Attributes)
--------------------------------        ----        ----        ------- ----- ------------
GSINIT3                             00000013    00000022 =          34. bytes (REL,CON,CODE)

      Value  Global                              Global Defined In Module
      -----  --------------------------------   ------------------------
C:   00000013  __mcs51_genXINIT                   

ASxxxx Linker V03.00 + NoICE + sdld,  page 14.
Hexadecimal  [32-Bits]

Area                                    Addr        Size        Decimal Bytes (Attributes)
--------------------------------        ----        ----        ------- ----- ------------
GSINIT4                             00000035    0000002A =          42. bytes (REL,CON,CODE)

      Value  Global                              Global Defined In Module
      -----  --------------------------------   ------------------------
C:   00000035  __mcs51_genRAMCLEAR                
C:   0000003B  __mcs51_genXRAMCLEAR               

ASxxxx Linker V03.00 + NoICE + sdld,  page 15.
Hexadecimal  [32-Bits]

Area                                    Addr        Size        Decimal Bytes (Attributes)
--------------------------------        ----        ----        ------- ----- ------------
GSINIT                              0000005F    000000BD =         189. bytes (REL,CON,CODE)

      Value  Global                              Global Defined In Module
      -----  --------------------------------   ------------------------
ASxxxx Linker V03.00 + NoICE + sdld,  page 16.
Hexadecimal  [32-Bits]

Area                                    Addr        Size        Decimal Bytes (Attributes)
--------------------------------        ----        ----        ------- ----- ------------
GSFINAL                             0000011C    00000003 =           3. bytes (REL,CON,CODE)

      Value  Global                              Global Defined In Module
      -----  --------------------------------   ------------------------
ASxxxx Linker V03.00 + NoICE + sdld,  page 17.
Hexadecimal  [32-Bits]

Area                                    Addr        Size        Decimal Bytes (Attributes)
--------------------------------        ----        ----        ------- ----- ------------
CSEG                                0000011F    00001662 =        5730. bytes (REL,CON,CODE)

      Value  Global                              Global Defined In Module
      -----  --------------------------------   ------------------------
C:   0000011F  _main                              main
C:   00000173  _mode0                             main
C:   00000209  _mode1                             main
C:   000005AF  _mode2                             main
C:   00000955  _mode3                             main
C:   00000C94  _overlap                           main
C:   00000D3E  _del                               main
C:   00000DBC  _draw                              main
C:   00000EB2  _Get_Dot                           main
C:   00000F43  _mode4                             main
C:   00001285  _mode5                             main
C:   000012A6  _Get_Key                           GetKey
C:   000012F2  _delay_ms                          delay
C:   00001319  _Delay_Do                          delay
C:   00001327  _Delay_Re                          delay
C:   00001335  _I2C_Start                         i2c
C:   00001344  _I2C_Stop                          i2c
C:   00001350  _I2C_SendACK                       i2c
C:   0000135E  _I2C_RecvACK                       i2c
C:   0000136F  _I2C_SendByte                      i2c
C:   00001397  _I2C_RecvByte                      i2c
C:   000013CB  _Single_WriteI2C                   i2c
C:   000013E8  _Single_ReadI2C                    i2c
C:   00001422  _Delay                             i2c
C:   00001427  _OLED_Init                         oled_i2c
C:   00001496  _OLED_DisplayChar                  oled_i2c
C:   000014E7  _OLED_DisplayString                oled_i2c
C:   00001512  _OLED_Clear                        oled_i2c
C:   0000153D  _OLED_SetCursor                    oled_i2c
C:   0000156D  _oledSendCommand                   oled_i2c
C:   00001579  _oledSendData                      oled_i2c
C:   00001585  _sendbyte                          write7219
C:   000015BC  _Write7219                         write7219
C:   000015DB  _Writesingle7219                   write7219
C:   0000161E  _Initial7219                       write7219
C:   00001660  __mulint                           _mulint
C:   00001660  __mulint_dummy                     _mulint
C:   0000167D  __moduint                          _moduint
C:   000016CA  __divuint                          _divuint
C:   000016F3  __gptrget                          _gptrget
C:   0000170F  __modsint                          _modsint
C:   00001745  __divsint                          _divsint
C:   0000177D  __sdcc_external_startup            _startup

ASxxxx Linker V03.00 + NoICE + sdld,  page 18.
Hexadecimal  [32-Bits]

Area                                    Addr        Size        Decimal Bytes (Attributes)
--------------------------------        ----        ----        ------- ----- ------------
CONST                               00001781    000002B7 =         695. bytes (REL,CON,CODE)

      Value  Global                              Global Defined In Module
      -----  --------------------------------   ------------------------
C:   0000185D  _OledFontTable                     oled_i2c

ASxxxx Linker V03.00 + NoICE + sdld,  page 19.

Files Linked                              [ module(s) ]

main.rel                                  [  ]
GetKey.rel                                [  ]
delay.rel                                 [  ]
i2c.rel                                   [  ]
oled_i2c.rel                              [  ]
write7219.rel                             [  ]


Libraries Linked                          [ object file ]

d:\SDCC\bin\..\lib\small/mcs51.lib        [ crtclear.rel ]
d:\SDCC\bin\..\lib\small/mcs51.lib        [ crtxinit.rel ]
d:\SDCC\bin\..\lib\small/libint.lib       [ _mulint.rel ]
d:\SDCC\bin\..\lib\small/libint.lib       [ _moduint.rel ]
d:\SDCC\bin\..\lib\small/mcs51.lib        [ crtxclear.rel ]
d:\SDCC\bin\..\lib\small/libint.lib       [ _divuint.rel ]
d:\SDCC\bin\..\lib\small/mcs51.lib        [ crtpagesfr.rel ]
d:\SDCC\bin\..\lib\small/mcs51.lib        [ crtstart.rel ]
d:\SDCC\bin\..\lib\small/libsdcc.lib      [ _gptrget.rel ]
d:\SDCC\bin\..\lib\small/libint.lib       [ _modsint.rel ]
d:\SDCC\bin\..\lib\small/libint.lib       [ _divsint.rel ]
d:\SDCC\bin\..\lib\small/libsdcc.lib      [ _startup.rel ]

ASxxxx Linker V03.00 + NoICE + sdld,  page 20.

User Base Address Definitions

HOME = 0x0000
XSEG = 0x0001
PSEG = 0x0001
ISEG = 0x0000
BSEG = 0x0000

